https://t.me/+uxAYghkWyAE2MjE6 
